---
layout: default
title: Convert Xen Hypervisor Image to VirtualBox Vdi
parent: Blog
grand_parent: Category
permalink: docs/category/blog/b0163
child_nav_order: desc
---

# Convert Image to Vdi

<details open markdown="block">
  <summary>
    Table of contents
  </summary>
  {: .no_toc .text-delta .label .label-green }
1. TOC
{:toc}
</details>

---

## 개요

{: .new }
> - Xen Hypervisor 이미지를 VirtualBox Vdi로 변환

### 사용법

#### VDI 파일을 마운트할 수 있는 툴 설치

```bash
# qemu-nbd를 사용하여 VDI 파일을 네트워크 블록 장치로 마운트할 수 있습니다.
sudo apt install qemu-utils
```

#### 네트워크 블록 장치 활성화

```bash
# modprobe 명령어로 nbd 모듈을 로드합니다.
sudo modprobe nbd

# nbd 모듈 로드 확인
cat /proc/modules | grep nbd
```

#### VDI 파일을 네트워크 블록 장치에 연결

```bash
# qemu-nbd를 사용하여 VDI 파일을 연결할 수 있습니다.
sudo qemu-nbd --connect=/dev/nbd0 Ubuntu22.04.vdi

# 파티션 정보를 확인
sudo fdisk -l /dev/nbd0
```

<details markdown="block">
  <summary>
    코드
  </summary>
  {: .text-delta .label .label-green }
  
```bash
Disk /dev/nbd0: 50 GiB, 53687091200 bytes, 104857600 sectors
Units: sectors of 1 * 512 = 512 bytes
Sector size (logical/physical): 512 bytes / 512 bytes
I/O size (minimum/optimal): 512 bytes / 512 bytes
Disklabel type: gpt
Disk identifier: 494A81D7-AB47-40E3-B4DC-CCFF4BCA7732

Device         Start       End  Sectors Size Type
/dev/nbd0p1     2048      4095     2048   1M BIOS boot
/dev/nbd0p2     4096   2101247  2097152   1G Linux filesystem
/dev/nbd0p3  2101248  10489855  8388608   4G Linux filesystem
/dev/nbd0p4 10489856 104855551 94365696  45G Linux filesystem
```

</details>

#### 마운트 디렉토리 생성

```bash
mkdir -p /mnt/{img,vdi}
tree -L 1 -d /mnt
```

#### 마운트 설정

```bash
# root(/) 영역 nbd0p4 마운트 합니다.
sudo mount /dev/nbd0p4 /mnt

# 마운트 설정 정보 확인
cat /proc/mounts | grep /dev/nbd0p4
```

#### 파일 및 디렉토리 복사

```bash
# /proc, /sys, /dev, /boot 디렉토리들 제외
rsync -avhP --exclude={'/proc','/sys','/dev','/boot'} /mnt/img/* ./
```

#### 마운트 해제

```bash
sudo umount -l /mnt/*
sudo qemu-nbd --disconnect /dev/nbd0
```
